// Jest Snapshot v1, https://goo.gl/fbAQLP

exports[`renders correctly 1`] = `
<div
  className="header"
>
  <h1
    className="main-title"
  >
    Find your movie
  </h1>
  <form
    className="search-form"
    onSubmit={[Function]}
  >
    <input
      onChange={[Function]}
      type="text"
      value=""
    />
    <button
      className="button"
    >
      Search
    </button>
  </form>
  <div
    className="button-wrapper"
  >
    <span>
      Search By: 
    </span>
    <button
      className="clicked-button button"
      onClick={[Function]}
    >
      Title
    </button>
    <button
      className="unclicked-button button"
      onClick={[Function]}
    >
      Genre
    </button>
  </div>
</div>
`;
