// Jest Snapshot v1, https://goo.gl/fbAQLP

exports[`renders correctly 1`] = `
Array [
  <div
    className="info-panel"
  >
    <span>
      xxx movies found
    </span>
    <div
      className="sort-films"
    >
      <span>
        sort by
      </span>
      <button
        className="clicked-button button"
        onClick={[Function]}
      >
        release date
      </button>
      <button
        className="unclicked-button button"
        onClick={[Function]}
      >
        rating
      </button>
    </div>
  </div>,
  <div
    className="movie-list"
  >
    <div
      className="movie-item"
    >
      <img
        src="test-file-stub"
      />
      <div
        className="movie-info"
      >
        <p
          className="movie-name"
        >
          Movie Name
        </p>
        <span
          className="movie-year"
        >
          year
        </span>
      </div>
      <span>
        genre
      </span>
    </div>
    <div
      className="movie-item"
    >
      <img
        src="test-file-stub"
      />
      <div
        className="movie-info"
      >
        <p
          className="movie-name"
        >
          Movie Name
        </p>
        <span
          className="movie-year"
        >
          year
        </span>
      </div>
      <span>
        genre
      </span>
    </div>
    <div
      className="movie-item"
    >
      <img
        src="test-file-stub"
      />
      <div
        className="movie-info"
      >
        <p
          className="movie-name"
        >
          Movie Name
        </p>
        <span
          className="movie-year"
        >
          year
        </span>
      </div>
      <span>
        genre
      </span>
    </div>
    <div
      className="movie-item"
    >
      <img
        src="test-file-stub"
      />
      <div
        className="movie-info"
      >
        <p
          className="movie-name"
        >
          Movie Name
        </p>
        <span
          className="movie-year"
        >
          year
        </span>
      </div>
      <span>
        genre
      </span>
    </div>
    <div
      className="movie-item"
    >
      <img
        src="test-file-stub"
      />
      <div
        className="movie-info"
      >
        <p
          className="movie-name"
        >
          Movie Name
        </p>
        <span
          className="movie-year"
        >
          year
        </span>
      </div>
      <span>
        genre
      </span>
    </div>
    <div
      className="movie-item"
    >
      <img
        src="test-file-stub"
      />
      <div
        className="movie-info"
      >
        <p
          className="movie-name"
        >
          Movie Name
        </p>
        <span
          className="movie-year"
        >
          year
        </span>
      </div>
      <span>
        genre
      </span>
    </div>
    <div
      className="movie-item"
    >
      <img
        src="test-file-stub"
      />
      <div
        className="movie-info"
      >
        <p
          className="movie-name"
        >
          Movie Name
        </p>
        <span
          className="movie-year"
        >
          year
        </span>
      </div>
      <span>
        genre
      </span>
    </div>
  </div>,
]
`;
